XLZWXUQAOAQUXWZLX
UBFDLPHMHPLDFBU
DSHAXGNIFYMFYZCETTECZYFMYFINGXAHSD
EEAAGYGFFJKGRVUVRGKJFFGYGAAEE
FWGMJALAJMGWF
FEICKJTSATVWKCKWVTASTJKCIEF
LJPWKFPPWFWPPFKWPJL
IAI
MARZNLMSAOBWBOASMLNZRAM
TGDYHOHYDGT
QLQIYODSXYZLZYXSDOYIQLQ
BNCGKQTLEKELTQKGCNB
WRCJVKJFZFJKVJCRW
UEXEU
PFXBCTRMBHBMRTCBXFP
LIOUNEBUBZPKGEXSEUZNZUESXEGKPZBUBENUOIL
FNLELNF
NJN
OTFQOQFTO
WXKPIJPMEDMRFUPKPUFRMDEMPJIPKXW
CPIQZRZQIPC
LCZZYLWSVBYJLRWVIVWRLJYBVSWLYZZCL
IYWWJKUFSAPRYIKVKIYRPASFUKJWWYI
OJQUVZLLILLZVUQJO
XNLFWOLKQEQFQEQKLOWFLNX
LPJWCXVXCWJPL
FTYSQVNJTRYUIXIUYRTJNVQSYTF
G
SOTUFHFUTOS
UWBPHFHPBWU
EDE
FPGRBNOLMVTVMLONBRGPF
SGHGS
ALMINDWRLBRTRBLRWDNIMLA
DJRQKSJLENELJSKQRJD
SURLOEFTMSPGETEGPSMTFEOLRUS
LVAVL
DKSTREKUSMNNHNNMSUKERTSKD
JPWMMFTTIXJPINAKANIPJXITTFMMWPJ
PJEPADVTOHOTVDAPEJP
BZEMAPRRIHIRRPAMEZB
ZBHPIEXJJPTPQUTXTUQPTPJJXEIPHBZ
AYEJEYA
RWKTJXQAOLOAQXJTKWR
VXSEBAIROVDVORIABESXV
GANYZNTSWWUUPMPMVXVMPMPUUWWSTNZYNAG
JOYCJAWAJCYOJ
SJUYPJEFPWRPKRKPRWPFEJPYUJS
NSRZBZRSN
XHIHX
ZCVCZ
K
CMWPBDDHTUDWEJEWDUTHDDBPWMC
EFTFNZFCTGBRDVMVDRBGTCFZNFTFE
IBSBI
DXMTEANCKVTPPLULBEWEBLULPPTVKCNAETMXD
ESUVQJRRTHTRRJQVUSE
CRHIYJQEZEQJYIHRC
LOXMFEWAWEFMXOL
CSVBCDQTOHMHOTQDCBVSC
PKDZQARXMBENVZHZVNEBMXRAQZDKP
CVPGPVC
WTMLHLMTW
KTWLZMMEXLXEMMZLWTK
ZUNLQBSSGXGSSBQLNUZ
MCDBBFBBDCM
GBPPVYLYVPPBG
N
JTNKOODGEUFCLMPEPMLCFUEGDOOKNTJ
IDIFYJVHBPBLYLKBWAWBKLYLBPBHVJYFIDI
PEDZVKJOVHXFBGWGBFXHVOJKVZDEP
S
VCTMWLVJVLWMTCV
OLJCXWXCJLO
FYHFVGBUTNXIAOBOAIXNTUBGVFHYF
YVNFBBRQSLDWCHZHCWDLSQRBBFNVY
CPBVHUBPMZBBINOJONIBBZMPBUHVBPC
BGB
WQUMGRGMUQW
CKZDCRFTFRCDZKC
