A
CISCISCISCISICSICSICSIC
ABCDEFGHIJKLMNOPQRSTSRQPONMLKJIHGFEDCBA
ZYXWVUTSRQPONMLKJIHGHIJKLMNOPQRSTUVWXYZ
ZZZZZZZZZZZZZZZZZZZZ
HAMAMAMAMNMAMAMAMAMAMNMAMAMAMAH
TRILLTRILLIRTLLRILFIFLIRLLTRILLIRTLLIRT
AZAZAZAZZZAZAZAZAZAZZZAZAZAZA
DDDD
AAAAAAAAAAZZZZZZZZZZAAAAAAAAAA
CBBBBBBHAPPAHBBBBBBABBBBBBHAPPAHBBBBBBC
AABBEEUUIOOIUUEEBBAA
RQOHDSKEZDDZEKSDHOQR
QRIGADJQRIGADJQJDAGIRQJDAGIRQ
PALINILAPALINILAPDPALINILAPALINILAP
SSSDFJKSSFDSFSDKJAFAJKDSFSDFSSKJFDSSS
SSSDFJKSSFDSFSDKJAFAJKDSFSDFSSKJFDSSS
ABCACBA
EKECTDIKIDTCEKE
AIEYODAJEENFADFKFDAFNEEJADOYEIA
MAIAIAICHAIAHCIAIAIAM
AIIFJEFAIIODFAKEGJGEKAFDOIIAFEJFIIA
ILILLILLLILILILILILILLLILLILI
ZZZAZZZZAAAZZAZAZSSZAZAZZAAAZZZZAZZZ
XCYDYXXXXYDYDSXDYYDSDYYDXSDYDYXXXXYDYCX
Q
QBQ
KCSCK
KCCK
KEK
