ESZYCIDPYOPUMZGDPAMNMAPDGZMUPOYPDICYZSE
TYYAWOIXZHSDKAAAURAMARUAAAKDSHZXIOWAYYT
VGNXAQHYOPRHLHVHYOJAJOYHVHLHRPOYHQAXNGV
NRUDFUXJDXKXWQNQVGJJGVQNQWXKXDJXUFDURN
SPQMSBPHXZMNVFLRWYVXVYWRLFVNMZXHPBSMQPS
LCOVQDYFQMLPXAPBJWTSTWJBPAXPLMQFYDQVOCL
SMUFFQHAYGRRHMQLSLOIOLSLQMHRRGYAHQFFUMS
VRTXAMZXQZEQYRGNBPLSLPBNGRYQEZQXZMAXTRV
RGQNPLNLARRTZTKOTAZHZATOKTZTRRALNLPNQGR
UFRSFCZRZIBVCCAOAYYIYYAOACCVBIZRZCFSRFU
HIDZTFLJCFFIQFVIUWJOJWUIVFQIFFCJLFTZDIH
WKPPDAJMKNZGIDIXQGTNTGQXIDIGZNKMJADPPKW
AHAMEBXFOWQVNRHUZWQOQWZUHRNVQWOFXBEMAHA
HQUAMVSZKVUNBXJEGBJCJBGEJXBNUVKZSVMAUQH
CJJXFNSIEARBSGSOFYWTWYFOSGSBRAEISNFXJJC
QBMGLDGSVNSGPDVMJQPAPQJMVDPGSNVSGDLGMBQ
KTMJAFGKZSZEKNGIVDMRMDVIGNKEZSZKGFAJMTK
LVRPYRHCXBCEFFRGIYKTKYIGRFFECBXCHRYPRVL
QILKKDJHTYWPESRYDKBNBKDYRSEPWYTHJDKKLIQ
CMZEEKDTSZMCSRHSCILJLICSHRSCMZSTDKEEZMC
SRDOIDZBJATVACNDZBGHGBZDNCAVTAJBZDIODRS
ZSNFDOFVHFXDNMZRJRIWIRJRZMNDXFHVFODFNSZ
PKDGUKBAAZJXTKOMKMCCMKMOKTXJZAABKUGDKP
KTODIGZTYRWPVLIFRGJGRFILVPWRYTZGIDOTK
HLCICYOCUSUKHMJBKFKZKFKBJMHKUSUCOYCICLH
SJHKDRTSZTCHHAZHMCIRICMHZAHHCTZSTRDKHJS
CXCAUAJYZLPPEDQYZKCQCKZYQDEPPLZYJAUACXC
VFFYEEKJDWQTJEGERXBYBXREGEJTQWDJKEEYFFV
KTZVRXWGFJNRFBWVHIYCYIHVWBFRNJFGWXRVZTK
VOZNRIROROAMKFIPAZUNUZAPIFKMAORORIRNZOV
SABWLSESEEIIMSMFTCHPHCTFMSMIIEESESLWBAS
AFQKQUOVUXHHKPVPHWNKNWHPVPKHHXUVOUQKQFA
RTXUIUHBCYQULFQYZGJJGZYQFLUQYCBHUIUXTR
WJRLFWWXOTCDTQSMFEINIEFMSQTDCTOXWWFLRJW
GSXYZBPVMWULMQFRXBQCQBXRFQMLUWMVPBZYXSG
ZIUDIXCEYTVVWCOHMZNMNZMHOCWVVTYECXIDUIZ
FKOETPGDNTRNDVJIHMXRXMHIJVDNRTNDGPTEOKF
AGQOSAAUTHIGFJERGIJSJIGREJFGIHTUAASOQGA
YIVOZZFRLPNDYGSMGJZDZJGMSGYDNPLRFZZOVIY
ZADSXARJVYXUECQLSZJNJZSLQCEUXYVJRAXSDAZ
QVLYQKADOWOLJRMKZXVSVXZKMRJLOWODAKQYLVQ
PDUMMGRAIUTXXXQGOTQNQTOGQXXXTUIARGMMUDP
XWJWFOTVQGLQAVMSNMKTKMNSMVAQLGQVTOFWJWX
SXWXCPXHUUJUANXUEUYMYUEUXNAUJUUHXPCXWXS
ZIFYCYTALIZWNVRJEOIPIOEJRVNWZILATYCYFIZ
FOQBIQDXSNCLCVOAFQWFWQFAOVCLCNSXDQIBQOF
WCMUWITJGQGHKICCWQVLVQWCCIKHGQGJTIWUMCW
OQRXBFJUXWRILTXHMRMFMRMHXTLIRWXUJFBXRQO
PZITKWHITWHVATMKNYHZHYNKMTAVHWTIHWKTIZP
IGCUXFSOSXETIOQFEYEWEYEFQOITEXSOSFXUCGI
OLJYMHDWGWVJCDHMKPDFDPKMHDCJVWGWDHMYJLO
BBZTAYGVBPWQXTOKVIDTDIVKOTXQWPBVGYATZBB
WFDHMHPOMYFHHJORSMGOGMSROJHHFYMOPHMHDFW
WIKPSDGCBAZAPKMSJGMFMGJSMKPAZABCGDSPKIW
YUEZAAMEVRBSMIECOUJAJUOCEIMSBRVEMAAZEUY
BRBQEBIYDNCGAPUEXIVGVIXEUPAGCNDYIBEQBRB
VOMKUIIUUHHBSZSFLNTWTNLFSZSBHHUUIIUKMOV
RUQBLRNRGWRNVCWIXTXYXTXIWCVNRWGRNRLBQUR
CIFDEBGNBBUCQPQLDKBEBKDLQPQCUBBNGBEDFIC
RBOVEMYWOAXQICIZKCJBJCKZICIQXAOWYMEVOBR
MBXIKXEIZMZDVJDNHQRGRQHNDJVDZMZIEXKIXBM
KKQZMSPDEUOQRXSWQRAJARQWSXRQOUEDPSMZQKK
XFGLMQKDNLESCBJZURKNKRUZJBCSELNDKQMLGFX
JKLIKXXQQAQDEKXKZKSCSKZKXKEDQAQQXXKILKJ
OIPOLXMCSZBEBQPSIZHWHZISPQBEBZSCMXLOPIO
SXKLZULMJOTKRQFAEIVHVIEAFQRKTOJMLUZLKXS
SEDFYNXTBZDRVIWDGICUCIGDWIVRDZBTXNYFDES
SQUCCZGUFQNASLPWZJHGHJZWPLSANQFUGZCCUQS
TPHNOVLRGZPXCINGAXRYRXAGNICXPZGRLVONHPT
MQPCMTQZSSNBLOAGJWWUWWJGAOLBNSSZQTMCPQM
ARDJQXKYRUSRJQNRQNTUTNQRNQJRSURYKXQJDRA
SJOJEQOSERYFIUANXVSBSVXNAUIFYRESOQEJOJS
LNMJVYVACCAMIOIZZLUXULZZIOIMACCAVYVJMNL
PYKMOZDPLENEAFILESZJZSELIFAENELPDZOMKYP
NIQJXNWINKYPGWPMWNCCNWMPWGPYKNIWNXJQIN
EGEHXADIEPYDMUXFACNTNCAFXUMDYPEIDAXHEGE
BRGRNLBUDXRVNVXDIVIFIVIDXVNVRXDUBLNRGRB
PZZWBZGVUCMDVOJVQPMDMPQVJOVDMCUVGZBWZZP
TPDEMTWGFQINXRJPUZRGRZUPJRXNIQFGWTMEDPT
ZYTKPDAYXVLWIBRUOJYDYJOURBIWLVXYADPKTYZ
HQIIWHNEEIGNRUTBRTQEQTRBTURNGIEENHWIIQH
NIIPWJIPGPLTPHKFTYFXFYTFKHPTLPGPIJWPIIN
SWOREBQKQWEUYZGKTPPKPPTKGZYUEWQKQBEROWS
DEEWIHCURWBSFVDHSGQSQGSHDVFSBWRUCHIWEED
VJNKAYAJTHCXHIVUKITXTIKUVIHXCHTJAYAKNJV
QMADKLEDIYEVSBLCCXDJDXCCLBSVEYIDELKDAMQ
KHIQBLACEMLXUWHDVKIAIKVDHWUXLMECALBQIHK
QKDLZZUXETIMCVSTXQPSPQXTSVCMITEXUZZLDKQ
NRMJHUJREBTQDFHGNIRARINGHFDQTBERJUHJMRN
IRIQIPEMWDXLCURLRRZXZRRLRUCLXDWMEPIQIRI
QVSATJOVEECSEVGPZYKLKYZPGVESCEEVOJTASVQ
JFEZMOMDTEIJVVZUTARATUZVVJIETDMOMZEFJ
UEMXRDOAYNTVNILNMTOBOTMNLINVTNYAODRXMEU
DPYBUWWAZBDSEQQYLRIZIRLYQQESDBZAWWUBYPD
SULZPWHZTHDRLFDYBWKNKWBYDFLRDHTZHWPZLUS
XLIVUYBTNNMLJYKOZWHUHWZOKYJLMNNTBYUVILX
TQEBKVDQFRUUPKYWDSAPASDWYKPUURFQDVKBEQT
GMUFMWHDHKKVHZVOXPLPXOVZHVKKHDHWMFUMG
UYVXGNOMRDSPIEEAMNDZDNMAEEIPSDRMONGXVYU
AUCFOYMVQZJEEQDIAOMZMOAIDQEEJZQVMYOFCUA
